question 1.
mysql> create database niyera;
Query OK, 1 row affected (0.01 sec)

mysql> use niyera; 
Database changed
mysql> create table client_master(clientno int(3),name varchar(10),address varchar(10),city varchar(10),state varchar(6),bal_due int(5));
Query OK, 0 rows affected, 2 warnings (0.05 sec)ysql>  insert into client_master values (001, 'shimwa', 'kamonyi', 'ruyenzi', 'rwanda', 7000);
Query OK, 1 row affected (0.02 sec)

mysql>  insert into client_master values (002, 'muhoza', 'nyabihu', 'bigogwe', 'rwanda', 4000);
Query OK, 1 row affected (0.00 sec)

mysql>  insert into client_master values (003, 'mulisa', 'rubavu', 'gisenyi', 'rwanda', 5000);
Query OK, 1 row affected (0.00 sec)

mysql>  insert into client_master values (004, 'murenzi', 'ngororera', 'nyange', 'rwanda', 2000);
Query OK, 1 row affected (0.00 sec)

mysql>  insert into client_master values (005, 'kagoma', 'nyagatare', 'matimba', 'rwanda', 3500);
Query OK, 1 row affected (0.00 sec)

mysql> select *from client_master;
+----------+---------+-----------+---------+--------+---------+
| clientno | name    | address   | city    | state  | bal_due |
+----------+---------+-----------+---------+--------+---------+
|        1 | shimwa  | kamonyi   | ruyenzi | rwanda |    7000 |
|        2 | muhoza  | nyabihu   | bigogwe | rwanda |    4000 |
|        3 | mulisa  | rubavu    | gisenyi | rwanda |    5000 |
|        4 | murenzi | ngororera | nyange  | rwanda |    2000 |
|        5 | kagoma  | nyagatare | matimba | rwanda |    3500 |
+----------+---------+-----------+---------+--------+---------+
5 rows in set (0.00 sec)mysql> select name from client_master where bal_due >5000;
+--------+
| name   |
+--------+
| shimwa |
+--------+
1 row in set (0.00 sec)

mysql> alter table client_master rename to client12;
Query OK, 0 rows affected (0.03 sec)

mysql> select *from client12;
+----------+---------+-----------+---------+--------+---------+
| clientno | name    | address   | city    | state  | bal_due |
+----------+---------+-----------+---------+--------+---------+
|        1 | shimwa  | kamonyi   | ruyenzi | rwanda |    7000 |
|        2 | muhoza  | nyabihu   | bigogwe | rwanda |    4000 |
|        3 | mulisa  | rubavu    | gisenyi | rwanda |    5000 |
|        4 | murenzi | ngororera | nyange  | rwanda |    2000 |
|        5 | kagoma  | nyagatare | matimba | rwanda |    3500 |
+----------+---------+-----------+---------+--------+---------+
5 rows in set (0.01 sec)

mysql> select clientno, name, address, city, state, bal_due as balance from client12;
+----------+---------+-----------+---------+--------+---------+
| clientno | name    | address   | city    | state  | balance |
+----------+---------+-----------+---------+--------+---------+
|        1 | shimwa  | kamonyi   | ruyenzi | rwanda |    7000 |
|        2 | muhoza  | nyabihu   | bigogwe | rwanda |    4000 |
|        3 | mulisa  | rubavu    | gisenyi | rwanda |    5000 |
|        4 | murenzi | ngororera | nyange  | rwanda |    2000 |
|        5 | kagoma  | nyagatare | matimba | rwanda |    3500 |
+----------+---------+-----------+---------+--------+---------+
5 rows in set (0.01 sec)


question6

mysql>  CREATE TABLE EMPLOYE (EMP_ID INT PRIMARY KEY NOT NULL,EMP_NAME VARCHAR (24),EMP_ADDRESS VARCHAR (32),DEP_ID INT , FOREIGN KEY (DEP_ID) REFERENCES DEPARTMENTS(DEP_ID));
Query OK, 0 rows affected (0.02 sec)

mysql> INSERT INTO DEPARTMENT VALUES(11,"ICT","SOFTWARE DEVELOPMENT",10000000,"PELINE");
Query OK, 1 row affected (0.01 sec)

mysql> INSERT INTO DEPARTMENT VALUES(22,"PRODUCTION","NEW PRODUCT DEV",20000000,"CLAUDE");
Query OK, 1 row affected (0.00 sec)

mysql> INSERT INTO DEPARTMENT VALUES(33,"SALES","REASARCH & DEV",15000000,"ANICK");
Query OK, 1 row affected (0.00 sec)
mysql>  INSERT INTO DEPARTMENTS VALUES(14,"ADMINISTRATION","MINING",670000,"NIYERA");
Query OK, 1 row affected, 2 warnings (0.00 sec)
mysql> INSERT INTO DEPARTMENT VALUES(55,"MANAGEMENT","WATER TREATMENT",90000000,"ERIC");
Query OK, 1 row affected (0.00 sec)
mysql>  SELECT * FROM DEPARTMENT;
+--------+------------+----------------------+----------+-------------+
| DEP_id | DEP_NAME   | PROJECT              | BUDGET   | DEP_MANAGER |
+--------+------------+----------------------+----------+-------------+
|     11 | ICT        | SOFTWARE DEVELOPMENT | 10000000 | PELINE      |
|     22 | PRODUCTION | NEW PRODUCT DEV      | 20000000 | CLAUDE      |
|     33 | SALES      | REASARCH & DEV       | 15000000 | ANICK       |
|     55 | MANAGEMENT | WATER TREATMENT      | 90000000 | ERIC        |
+--------+------------+----------------------+----------+-------------+
4 rows in set (0.00 sec)

mysql> INSERT INTO EMPLOYE VALUES(111,"MANI","RUBAVU",11);
Query OK, 1 row affected (0.01 sec)

mysql>  INSERT INTO EMPLOYE VALUES(222,"MARINO","RUHANGO",12);
Query OK, 1 row affected (0.00 sec)

mysql>  INSERT INTO EMPLOYE VALUES(333,"MUNGUYIKO","RULINDO",33);
Query OK, 1 row affected (0.00 sec)

mysql>  INSERT INTO EMPLOYE VALUES(444,"ANGEL","MUHANGA",44);
Query OK, 1 row affected (0.00 sec)

mysql>  INSERT INTO EMPLOYE VALUES(555,"MERRY","KAYONZA",55);
Query OK, 1 row affected (0.00 sec)

mysql> SELECT *FROM EMPLOYE;
+--------+-----------+-------------+--------+
| EMP_ID | EMP_NAME  | EMP_ADDRESS | DEP_ID |
+--------+-----------+-------------+--------+
|    111 | MANI      | RUBAVU      |     11 |
|    222 | MARINO    | RUHANGO     |     12 |
|    333 | MUNGUYIKO | RULINDO     |     33 |
|    444 | ANGEL     | MUHANGA     |     44 |
|    555 | MERRY     | KAYONZA     |     55 |
+--------+-----------+-------------+--------+
5 rows in set (0.00 sec)

mysql> SELECT EMP_NAME ,DEP_NAME FROM EMPLOYE RIGHT OUTER JOIN DEPARTMENT ON EMPLOYE.DEP_ID=DEPARTMENT.DEP_ID;
+-----------+------------+
| EMP_NAME  | DEP_NAME   |
+-----------+------------+
| MANI      | ICT        |
| NULL      | PRODUCTION |
| MUNGUYIKO | SALES      |
| MERRY     | MANAGEMENT |
+-----------+------------+
4 rows in set (0.02 sec)
sql> ALTER TABLE EMPLOYE ADD SALARY INT;
Query OK, 5 rows affected (0.06 sec)
Records: 5  Duplicates: 0  Warnings: 0
ysql>  UPDATE EMPLOYE SET SALARY=2500 WHERE EMP_ID=111;
Query OK, 1 row affected (0.00 sec)
Rows matched: 1  Changed: 1  Warnings: 0

mysql>  UPDATE EMPLOYE SET SALARY=3000 WHERE EMP_ID=222;
Query OK, 1 row affected (0.00 sec)
Rows matched: 1  Changed: 1  Warnings: 0

mysql>  UPDATE EMPLOYE SET SALARY=3500 WHERE EMP_ID=333;
Query OK, 1 row affected (0.00 sec)
Rows matched: 1  Changed: 1  Warnings: 0

mysql> UPDATE EMPLOYE SET SALARY=4000 WHERE EMP_ID=444;
Query OK, 1 row affected (0.00 sec)
Rows matched: 1  Changed: 1  Warnings: 0

mysql> UPDATE EMPLOYE SET SALARY=4500 WHERE EMP_ID=555;
Query OK, 1 row affected (0.00 sec)
Rows matched: 1  Changed: 1  Warnings: 0

mysql> SELECT *FROM EMPLOYE;
+--------+-----------+-------------+--------+--------+
| EMP_ID | EMP_NAME  | EMP_ADDRESS | DEP_ID | SALARY |
+--------+-----------+-------------+--------+--------+
|    111 | MANI      | RUBAVU      |     11 |   2500 |
|    222 | MARINO    | RUHANGO     |     12 |   3000 |
|    333 | MUNGUYIKO | RULINDO     |     33 |   3500 |
|    444 | ANGEL     | MUHANGA     |     44 |   4000 |
|    555 | MERRY     | KAYONZA     |     55 |   4500 |
+--------+-----------+-------------+--------+--------+
5 rows in set (0.00 sec)

mysql> SELECT* FROM EMPLOYE WHERE SALARY> (SELECT AVG(SALARY) FROM EMPLOYEES);
Empty set (0.00 sec)

mysql> SELECT* FROM EMPLOYE WHERE SALARY> (SELECT AVG(SALARY) FROM EMPLOYE);
+--------+----------+-------------+--------+--------+
| EMP_ID | EMP_NAME | EMP_ADDRESS | DEP_ID | SALARY |
+--------+----------+-------------+--------+--------+
|    444 | ANGEL    | MUHANGA     |     44 |   4000 |
|    555 | MERRY    | KAYONZA     |     55 |   4500 |
+--------+----------+-------------+--------+--------+
2 rows in set (0.01 sec)

mysql>


question7


mysql> create table student(studentid varchar(5)primary key,fullnames varchar(25),gender varchar(6),age int(2),department varchar(30));
Query OK, 0 rows affected, 1 warning (0.03 sec)
mysql> insert into student values(001,' keza peace','female', 23,'acc');
Query OK, 1 row affected (0.02 sec)

mysql> insert into student values(002,' cyiza james','male', 30,'sod');
Query OK, 1 row affected (0.01 sec)

mysql> insert into student values(003,' niyera angel','female',15,'acc');
Query OK, 1 row affected (0.00 sec)

mysql> select *from student;
+-----------+---------------+--------+------+------------+
| studentid | fullnames     | gender | age  | department |
+-----------+---------------+--------+------+------------+
| 1         |  keza peace   | female |   23 | acc        |
| 2         |  cyiza james  | male   |   30 | sod        |
| 3         |  niyera angel | female |   15 | acc        |
+-----------+---------------+--------+------+------------+
3 rows in set (0.00 sec)
mysql> select *from student where gender='femele';
Empty set (0.02 sec)

mysql> select *from student where gender='female';
+-----------+---------------+--------+------+------------+
| studentid | fullnames     | gender | age  | department |
+-----------+---------------+--------+------+------------+
| 1         |  keza peace   | female |   23 | acc        |
| 3         |  niyera angel | female |   15 | acc        |
+-----------+---------------+--------+------+------------+
2 rows in set (0.00 sec)

mysql> select *from student where gender='male';
+-----------+--------------+--------+------+------------+
| studentid | fullnames    | gender | age  | department |
+-----------+--------------+--------+------+------------+
| 2         |  cyiza james | male   |   30 | sod        |
+-----------+--------------+--------+------+------------+
1 row in set (0.00 sec)

mysql> delete from student where age < 2;
Query OK, 0 rows affected (0.01 sec)

mysql> select *from student;
+-----------+---------------+--------+------+------------+
| studentid | fullnames     | gender | age  | department |
+-----------+---------------+--------+------+------------+
| 1         |  keza peace   | female |   23 | acc        |
| 2         |  cyiza james  | male   |   30 | sod        |
| 3         |  niyera angel | female |   15 | acc        |
+-----------+---------------+--------+------+------------+
3 rows in set (0.00 sec)
mysql> delete from student where age < 20;
Query OK, 1 row affected (0.01 sec)

mysql>  select *from student;
+-----------+--------------+--------+------+------------+
| studentid | fullnames    | gender | age  | department |
+-----------+--------------+--------+------+------------+
| 1         |  keza peace  | female |   23 | acc        |
| 2         |  cyiza james | male   |   30 | sod        |
+-----------+--------------+--------+------+------------+
2 rows in set (0.00 sec)

question9

mysql> CREATE TABLE EMPLOYEE (    Employee_Id INT PRIMARY KEY,    First_Name VARCHAR(255),    Last_Name VARCHAR(255),    Email VARCHAR(255),    Phone_Number VARCHAR(20),    Hire_Date DATE,    Job_Id VARCHAR(10),    Salary DECIMAL(10,2),    Commission_Pct DECIMAL(5,2),    Manager_Id INT,    Department_Id INT);
Query OK, 0 rows affected (0.01 sec)
mysql> insert into employee values(0012,'keza','angel','kezaangel@gmail.com','0789875263','2025-18-01',08,12000,23465,008,132);
Query OK, 1 row affected, 2 warnings (0.00 sec)

mysql> insert into employee values(0022,'irimaso','anitha','anithal@gmail.com','0789875873','2025-18-21',18,12320,23745,100,322);
Query OK, 1 row affected, 2 warnings (0.00 sec)

mysql> insert into employee values(0032,'gisubizo','queen','quinal@gmail.com','0719875873','2025-18-21',18,12330,23745,110,332);
Query OK, 1 row affected, 2 warnings (0.00 sec)

mysql> select *from employee;
+-------------+------------+-----------+---------------------+--------------+------------+--------+----------+----------------+------------+---------------+
| Employee_Id | First_Name | Last_Name | Email               | Phone_Number | Hire_Date  | Job_Id | Salary   | Commission_Pct | Manager_Id | Department_Id |
+-------------+------------+-----------+---------------------+--------------+------------+--------+----------+----------------+------------+---------------+
|          12 | keza       | angel     | kezaangel@gmail.com | 0789875263   | 0000-00-00 | 8      | 12000.00 |         999.99 |          8 |           132 |
|          22 | irimaso    | anitha    | anithal@gmail.com   | 0789875873   | 0000-00-00 | 18     | 12320.00 |         999.99 |        100 |           322 |
|          32 | gisubizo   | queen     | quinal@gmail.com    | 0719875873   | 0000-00-00 | 18     | 12330.00 |         999.99 |        110 |           332 |
+-------------+------------+-----------+---------------------+--------------+------------+--------+----------+----------------+------------+---------------+
3 rows in set (0.00 sec)
mysql>  insert into employee values(0042,'gisubizo','augustin','augal@gmail.com','0719870873','2025-18-11',98,12730,23545,210,342);
Query OK, 1 row affected, 2 warnings (0.00 sec)

mysql> select *from employee;
+-------------+------------+-----------+---------------------+--------------+------------+--------+----------+----------------+------------+---------------+
| Employee_Id | First_Name | Last_Name | Email               | Phone_Number | Hire_Date  | Job_Id | Salary   | Commission_Pct | Manager_Id | Department_Id |
+-------------+------------+-----------+---------------------+--------------+------------+--------+----------+----------------+------------+---------------+
|          12 | keza       | angel     | kezaangel@gmail.com | 0789875263   | 0000-00-00 | 8      | 12000.00 |         999.99 |          8 |           132 |
|          22 | irimaso    | anitha    | anithal@gmail.com   | 0789875873   | 0000-00-00 | 18     | 12320.00 |         999.99 |        100 |           322 |
|          32 | gisubizo   | queen     | quinal@gmail.com    | 0719875873   | 0000-00-00 | 18     | 12330.00 |         999.99 |        110 |           332 |
|          42 | gisubizo   | augustin  | augal@gmail.com     | 0719870873   | 0000-00-00 | 98     | 12730.00 |         999.99 |        210 |           342 |
+-------------+------------+-----------+---------------------+--------------+------------+--------+----------+----------------+------------+---------------+
4 rows in set (0.00 sec)
mysql> SELECT Employee_Id, First_Name, Last_Name FROM EMPLOYEE WHERE Manager_Id = 100;
+-------------+------------+-----------+
| Employee_Id | First_Name | Last_Name |
+-------------+------------+-----------+
|          22 | irimaso    | anitha    |
+-------------+------------+-----------+
1 row in set (0.00 sec)

mysql> SELECT First_Name, Last_Name FROM EMPLOYEE WHERE Salary >= 4800;
+------------+-----------+
| First_Name | Last_Name |
+------------+-----------+
| keza       | angel     |
| irimaso    | anitha    |
| gisubizo   | queen     |
| gisubizo   | augustin  |
+------------+-----------+
4 rows in set (0.00 sec)
mysql> update employee set department_id=60 where employee_id=12;
Query OK, 1 row affected (0.00 sec)
Rows matched: 1  Changed: 1  Warnings: 0

mysql> update employee set department_id=70 where employee_id=22;
Query OK, 1 row affected (0.00 sec)
Rows matched: 1  Changed: 1  Warnings: 0

mysql> update employee set department_id=80 where employee_id=32;
Query OK, 1 row affected (0.00 sec)
Rows matched: 1  Changed: 1  Warnings: 0

mysql> select first_name,last_name from employee where department_id in (60,70,80);
+------------+-----------+
| first_name | last_name |
+------------+-----------+
| keza       | angel     |
| irimaso    | anitha    |
| gisubizo   | queen     |
+------------+-----------+
3 rows in set (0.00 sec)


question10

mysql> CREATE TABLE Sales (    Sales_No INT PRIMARY KEY,    Salesname VARCHAR(255),    Branch VARCHAR(50),    Salesamount DECIMAL(10,2),    DOB DATE);
Query OK, 0 rows affected (0.03 sec)

mysql> INSERT INTO Sales (Sales_No, Salesname, Branch, Salesamount, DOB) VALUES    (1, 'PAULIN Doe', 'Branch A', 15000.00, '1990-12-15'),    (2, 'ERIC Smith', 'Branch B', 12000.00, '1985-05-20'),    (3, 'David Lee', 'Branch A', 18000.00, '1992-09-10'),    (4, 'Sarah ANNIE', 'Branch C', 10000.00, '1988-7-15'),    (5, 'Michael rown', 'Branch B', 14000.00, '1995-24-22');
Query OK, 5 rows affected, 1 warning (0.00 sec)
Records: 5  Duplicates: 0  Warnings: 1

mysql> SELECT *FROM SALES;
+----------+--------------+----------+-------------+------------+
| Sales_No | Salesname    | Branch   | Salesamount | DOB        |
+----------+--------------+----------+-------------+------------+
|        1 | PAULIN Doe   | Branch A |    15000.00 | 1990-12-15 |
|        2 | ERIC Smith   | Branch B |    12000.00 | 1985-05-20 |
|        3 | David Lee    | Branch A |    18000.00 | 1992-09-10 |
|        4 | Sarah ANNIE  | Branch C |    10000.00 | 1988-07-15 |
|        5 | Michael rown | Branch B |    14000.00 | 0000-00-00 |
+----------+--------------+----------+-------------+------------+
5 rows in set (0.00 sec)

mysql> SELECT Branch, AVG(Salesamount) AS Avg_Sales FROM Sales GROUP BY Branch;
+----------+--------------+
| Branch   | Avg_Sales    |
+----------+--------------+
| Branch A | 16500.000000 |
| Branch B | 13000.000000 |
| Branch C | 10000.000000 |
+----------+--------------+
3 rows in set (0.00 sec)
3 rows in set (0.00 sec)

mysql> SELECT Salesname, DATE_FORMAT(DOB, '%d-%b-%y') AS DOBFROM SalesWHERE MONTH(DOB) = 12;
ERROR 1064 (42000): You have an error in your SQL syntax; check the manual that corresponds to your MySQL server version for the right syntax to use near 'SalesWHERE MONTH(DOB) = 12' at line 1
mysql> SELECT Salesname, DATE_FORMAT(DOB, '%d-%b-%y') AS DOB FROM Sales WHERE MONTH(DOB) = 12;
+------------+-----------+
| Salesname  | DOB       |
+------------+-----------+
| PAULIN Doe | 15-Dec-90 |
+------------+-----------+
1 row in set (0.00 sec)

mysql> SELECT Salesname, DATE_FORMAT(DOB, '%M') AS Month, DOB FROM Sales ORDER BY Month;
+--------------+-----------+------------+
| Salesname    | Month     | DOB        |
+--------------+-----------+------------+
| Michael rown | NULL      | 0000-00-00 |
| PAULIN Doe   | December  | 1990-12-15 |
| Sarah ANNIE  | July      | 1988-07-15 |
| ERIC Smith   | May       | 1985-05-20 |
| David Lee    | September | 1992-09-10 |
+--------------+-----------+------------+
5 rows in set (0.00 sec)

mysql> SELECT Branch, SUM(Salesamount) AS Total_Sales FROM Sales GROUP BY Branch;
+----------+-------------+
| Branch   | Total_Sales |
+----------+-------------+
| Branch A |    33000.00 |
| Branch B |    26000.00 |
| Branch C |    10000.00 |
+----------+-------------+
3 rows in set (0.00 sec)
